// Jest Snapshot v1, https://goo.gl/fbAQLP

exports[`Snapshot testing Testing calculator component 1`] = `
<div
  className="calculator-container"
>
  <div
    className="calculator-div"
  >
    <div
      className="display-screen"
      id="display"
    >
      0
       
       
    </div>
    <button
      className="item-ac item-items"
      onClick={[Function]}
      type="button"
      value="AC"
    >
      AC
    </button>
    <button
      className="item-plus-minus item-items"
      onClick={[Function]}
      type="button"
      value="+/-"
    >
      +/-
    </button>
    <button
      className="item-modulus item-items"
      onClick={[Function]}
      type="button"
      value="%"
    >
      %
    </button>
    <button
      className="item-multiply item-controls"
      onClick={[Function]}
      type="button"
      value="รท"
    >
      รท
    </button>
    <button
      className="item-7 item-items"
      onClick={[Function]}
      type="button"
      value="7"
    >
      7
    </button>
    <button
      className="item-8 item-items"
      onClick={[Function]}
      type="button"
      value="8"
    >
      8
    </button>
    <button
      className="item-9 item-items"
      onClick={[Function]}
      type="button"
      value="9"
    >
      9
    </button>
    <button
      className="item-multiply item-controls"
      onClick={[Function]}
      type="button"
      value="x"
    >
      x
    </button>
    <button
      className="item-4 item-items"
      onClick={[Function]}
      type="button"
      value="4"
    >
      4
    </button>
    <button
      className="item-5 item-items"
      onClick={[Function]}
      type="button"
      value="5"
    >
      5
    </button>
    <button
      className="item-6 item-items"
      onClick={[Function]}
      type="button"
      value="6"
    >
      6
    </button>
    <button
      className="item-minus item-controls"
      onClick={[Function]}
      type="button"
      value="-"
    >
      -
    </button>
    <button
      className="item-1 item-items"
      onClick={[Function]}
      type="button"
      value="1"
    >
      1
    </button>
    <button
      className="item-2 item-items"
      onClick={[Function]}
      type="button"
      value="2"
    >
      2
    </button>
    <button
      className="item-3 item-items"
      onClick={[Function]}
      type="button"
      value="3"
    >
      3
    </button>
    <button
      className="item-plus item-controls"
      onClick={[Function]}
      type="button"
      value="+"
    >
      +
    </button>
    <button
      className="item-0 zero item-items"
      onClick={[Function]}
      type="button"
      value="0"
    >
      0
    </button>
    <button
      className="item-dot item-items"
      onClick={[Function]}
      type="button"
      value="."
    >
      .
    </button>
    <button
      className="item-equals item-controls"
      onClick={[Function]}
      type="button"
      value="="
    >
      =
    </button>
  </div>
</div>
`;
