// Jest Snapshot v1, https://goo.gl/fbAQLP

exports[`Snapshot testing Testing Quote component 1`] = `
<div
  className="spacing quote"
>
  <p>
    Mathematics is not about numbers, equations, computations, or algorithms; it is about understanding. - William Paul Thurston
  </p>
</div>
`;
